\BOOKMARK [0][]{chapter*.2}{\376\377\117\177\165\050\213\364\146\016}{}% 1
\BOOKMARK [0][]{chapter.1}{\376\377\173\054\116\000\172\340\000\040\000\040\176\352\213\272}{}% 2
\BOOKMARK [1][]{section.1.1}{\376\377\0001\000.\0001\000\040\163\257\130\203\123\153\165\037\133\146\151\202\217\360}{chapter.1}% 3
\BOOKMARK [2][]{subsection.1.1.1}{\376\377\0001\000.\0001\000.\0001\000\040\170\024\172\166\133\371\214\141\116\016\121\205\133\271}{section.1.1}% 4
\BOOKMARK [2][]{subsection.1.1.2}{\376\377\0001\000.\0001\000.\0002\000\040\163\257\130\203\166\204\127\372\147\054\151\202\137\365}{section.1.1}% 5
\BOOKMARK [2][]{subsection.1.1.3}{\376\377\0001\000.\0001\000.\0003\000\040\123\237\165\037\163\257\130\203\116\016\153\041\165\037\163\257\130\203}{section.1.1}% 6
\BOOKMARK [1][]{section.1.2}{\376\377\0001\000.\0002\000\040\154\141\147\323\162\151\122\006\174\173}{chapter.1}% 7
\BOOKMARK [1][]{section.1.3}{\376\377\0001\000.\0003\000\040\121\150\164\003\163\257\130\203\225\356\230\230\116\016\143\021\142\030}{chapter.1}% 8
\BOOKMARK [2][]{subsection.1.3.1}{\376\377\0001\000.\0003\000.\0001\000\040\121\150\164\003\140\047\163\257\130\203\225\356\230\230}{section.1.3}% 9
\BOOKMARK [2][]{subsection.1.3.2}{\376\377\0001\000.\0003\000.\0002\000\040\116\026\165\114\121\153\131\047\121\154\133\263\116\213\116\366}{section.1.3}% 10
\BOOKMARK [1][]{section.1.4}{\376\377\0001\000.\0004\000\040\131\015\116\140\230\230}{chapter.1}% 11
\BOOKMARK [0][]{chapter.2}{\376\377\173\054\116\214\172\340\000\040\000\040\163\257\130\203\116\016\120\145\136\267\166\204\121\163\174\373}{}% 12
\BOOKMARK [1][]{section.2.1}{\376\377\0002\000.\0001\000\040\116\272\174\173\166\204\163\257\130\203}{chapter.2}% 13
\BOOKMARK [2][]{subsection.2.1.1}{\376\377\0002\000.\0001\000.\0001\000\040\165\037\140\001\174\373\176\337}{section.2.1}% 14
\BOOKMARK [2][]{subsection.2.1.2}{\376\377\0002\000.\0001\000.\0002\000\040\230\337\162\151\224\376\116\016\165\037\162\151\145\076\131\047}{section.2.1}% 15
\BOOKMARK [1][]{section.2.2}{\376\377\0002\000.\0002\000\040\116\272\116\016\163\257\130\203\166\204\217\251\213\301\176\337\116\000\121\163\174\373}{chapter.2}% 16
\BOOKMARK [2][]{subsection.2.2.1}{\376\377\0002\000.\0002\000.\0001\000\040\116\272\116\016\163\257\130\203\127\050\162\151\215\050\116\012\166\204\176\337\116\000\140\047}{section.2.2}% 17
\BOOKMARK [2][]{subsection.2.2.2}{\376\377\0002\000.\0002\000.\0002\000\040\116\272\174\173\133\371\163\257\130\203\166\204\220\002\136\224\140\047}{section.2.2}% 18
\BOOKMARK [2][]{subsection.2.2.3}{\376\377\0002\000.\0002\000.\0003\000\040\163\257\130\203\126\340\175\040\133\371\120\145\136\267\137\161\124\315\166\204\123\314\221\315\140\047}{section.2.2}% 19
\BOOKMARK [1][]{section.2.3}{\376\377\0002\000.\0003\000\040\163\257\130\203\126\340\175\040\166\204\146\264\227\062\162\171\137\201}{chapter.2}% 20
\BOOKMARK [2][]{subsection.2.3.1}{\376\377\0002\000.\0003\000.\0001\000\040\146\264\227\062\166\204\127\372\147\054\151\202\137\365}{section.2.3}% 21
\BOOKMARK [2][]{subsection.2.3.2}{\376\377\0002\000.\0003\000.\0002\000\040\163\257\130\203\131\032\126\340\175\040\146\264\227\062\116\016\200\124\124\010\117\134\165\050}{section.2.3}% 22
\BOOKMARK [2][]{subsection.2.3.3}{\376\377\0002\000.\0003\000.\0003\000\040\122\102\221\317\000-\123\315\136\224\121\163\174\373}{section.2.3}% 23
\BOOKMARK [1][]{section.2.4}{\376\377\0002\000.\0004\000\040\163\257\130\203\126\340\175\040\166\204\120\145\136\267\145\110\136\224}{chapter.2}% 24
\BOOKMARK [2][]{subsection.2.4.1}{\376\377\0002\000.\0004\000.\0001\000\040\116\272\177\244\120\145\136\267\145\110\136\224\214\061}{section.2.4}% 25
\BOOKMARK [2][]{subsection.2.4.2}{\376\377\0002\000.\0004\000.\0002\000\040\163\257\130\203\154\141\147\323\133\371\116\272\177\244\120\145\136\267\166\204\123\161\133\263}{section.2.4}% 26
\BOOKMARK [2][]{subsection.2.4.3}{\376\377\0002\000.\0004\000.\0003\000\040\201\364\166\114\162\151\122\006\174\173}{section.2.4}% 27
\BOOKMARK [1][]{section.2.5}{\376\377\0002\000.\0005\000\040\163\257\130\203\116\016\120\145\136\267\121\163\174\373\166\204\170\024\172\166\145\271\154\325}{chapter.2}% 28
\BOOKMARK [2][]{subsection.2.5.1}{\376\377\0002\000.\0005\000.\0001\000\040\163\257\130\203\155\101\210\114\165\305\133\146\145\271\154\325}{section.2.5}% 29
\BOOKMARK [2][]{subsection.2.5.2}{\376\377\0002\000.\0005\000.\0002\000\040\163\257\130\203\153\322\164\006\133\146\145\271\154\325}{section.2.5}% 30
\BOOKMARK [2][]{subsection.2.5.3}{\376\377\0002\000.\0005\000.\0003\000\040\165\037\162\151\150\007\137\327\162\151}{section.2.5}% 31
\BOOKMARK [1][]{section.2.6}{\376\377\0002\000.\0006\000\040\163\257\130\203\116\016\120\145\136\267\225\356\230\230\166\204\230\204\226\062\133\371\173\126}{chapter.2}% 32
\BOOKMARK [1][]{section.2.7}{\376\377\0002\000.\0007\000\040\163\257\130\203\116\016\120\145\136\267\150\007\121\306\117\123\174\373}{chapter.2}% 33
\BOOKMARK [1][]{section.2.8}{\376\377\0002\000.\0008\000\040\120\145\136\267\123\161\226\151\136\246\213\304\116\367}{chapter.2}% 34
\BOOKMARK [1][]{section.2.9}{\376\377\0002\000.\0009\000\040\131\015\116\140\230\230}{chapter.2}% 35
\BOOKMARK [0][]{chapter.3}{\376\377\173\054\116\011\172\340\000\040\000\040\133\244\131\026\172\172\154\024\163\257\130\203\116\016\120\145\136\267\000\040\060\020\221\315\160\271\172\340\202\202\060\021}{}% 36
\BOOKMARK [1][]{section.3.1}{\376\377\0003\000.\0001\000\040\131\047\154\024\166\204\162\171\137\201\123\312\123\153\165\037\133\146\141\017\116\111}{chapter.3}% 37
\BOOKMARK [2][]{subsection.3.1.1}{\376\377\0003\000.\0001\000.\0001\000\040\131\047\154\024\134\102\176\323\147\204}{section.3.1}% 38
\BOOKMARK [2][]{subsection.3.1.2}{\376\377\0003\000.\0001\000.\0002\000\040\131\047\154\024\166\204\176\304\142\020}{section.3.1}% 39
\BOOKMARK [2][]{subsection.3.1.3}{\376\377\0003\000.\0001\000.\0003\000\040\172\172\154\024\171\273\133\120\123\026}{section.3.1}% 40
\BOOKMARK [2][]{subsection.3.1.4}{\376\377\0003\000.\0001\000.\0004\000\040\131\052\226\063\217\220\134\004\166\204\123\153\165\037\133\146\141\017\116\111}{section.3.1}% 41
\BOOKMARK [1][]{section.3.2}{\376\377\0003\000.\0002\000\040\131\047\154\024\154\141\147\323\123\312\154\141\147\323\162\151\166\204\217\154\137\122}{chapter.3}% 42
\BOOKMARK [2][]{subsection.3.2.1}{\376\377\0003\000.\0002\000.\0001\000\040\131\047\154\024\154\141\147\323\166\204\147\145\156\220}{section.3.2}% 43
\BOOKMARK [2][]{subsection.3.2.2}{\376\377\0003\000.\0002\000.\0002\000\040\137\161\124\315\131\047\154\024\154\141\147\323\162\151\155\123\136\246\166\204\126\340\175\040}{section.3.2}% 44
\BOOKMARK [2][]{subsection.3.2.3}{\376\377\0003\000.\0002\000.\0003\000\040\131\047\154\024\154\141\147\323\162\151\166\204\171\315\174\173}{section.3.2}% 45
\BOOKMARK [2][]{subsection.3.2.4}{\376\377\0003\000.\0002\000.\0004\000\040\131\047\154\024\162\151\164\006\140\047\154\141\147\323\116\016\165\037\162\151\140\047\154\141\147\323}{section.3.2}% 46
\BOOKMARK [2][]{subsection.3.2.5}{\376\377\0003\000.\0002\000.\0005\000\040\116\214\153\041\154\141\147\323}{section.3.2}% 47
\BOOKMARK [1][]{section.3.3}{\376\377\0003\000.\0003\000\040\133\244\131\026\172\172\154\024\154\141\147\323\133\371\120\145\136\267\166\204\137\161\124\315}{chapter.3}% 48
\BOOKMARK [2][]{subsection.3.3.1}{\376\377\0003\000.\0003\000.\0001\000\040\166\364\143\245\123\161\133\263}{section.3.3}% 49
\BOOKMARK [2][]{subsection.3.3.2}{\376\377\0003\000.\0003\000.\0002\000\040\225\364\143\245\123\161\133\263}{section.3.3}% 50
\BOOKMARK [2][]{subsection.3.3.3}{\376\377\0003\000.\0003\000.\0003\000\040\116\073\211\201\131\047\154\024\154\141\147\323\162\151\123\312\121\166\120\145\136\267\137\161\124\315}{section.3.3}% 51
\BOOKMARK [1][]{section.3.4}{\376\377\0003\000.\0004\000\040\131\047\154\024\154\141\147\323\124\214\154\024\120\031\123\330\123\026\133\371\120\145\136\267\137\161\124\315\166\204\214\003\147\345\116\016\166\321\155\113}{chapter.3}% 52
\BOOKMARK [2][]{subsection.3.4.1}{\376\377\0003\000.\0004\000.\0001\000\040\163\257\130\203\172\172\154\024\215\050\221\317\122\237\200\375\122\006\123\072\116\016\150\007\121\306\122\006\176\247}{section.3.4}% 53
\BOOKMARK [2][]{subsection.3.4.2}{\376\377\0003\000.\0004\000.\0002\000\040\221\307\150\067\136\003\160\271\145\271\154\325}{section.3.4}% 54
\BOOKMARK [1][]{section.3.5}{\376\377\0003\000.\0005\000\040\131\047\154\024\215\050\221\317\150\007\121\306}{chapter.3}% 55
\BOOKMARK [1][]{section.3.6}{\376\377\0003\000.\0006\000\040\154\024\120\031\123\330\123\026\116\016\147\201\172\357\131\051\154\024\166\204\120\145\136\267\137\161\124\315}{chapter.3}% 56
\BOOKMARK [2][]{subsection.3.6.1}{\376\377\0003\000.\0006\000.\0001\000\040\154\024\120\031\123\330\123\026\377\010\000C\000l\000i\000m\000a\000t\000e\000\040\000C\000h\000a\000n\000g\000e\377\011}{section.3.6}% 57
\BOOKMARK [2][]{subsection.3.6.2}{\376\377\0003\000.\0006\000.\0002\000\040\147\201\172\357\131\051\154\024}{section.3.6}% 58
\BOOKMARK [1][]{section.3.7}{\376\377\0003\000.\0007\000\040\131\047\154\024\123\153\165\037\226\062\142\244\143\252\145\275}{chapter.3}% 59
\BOOKMARK [1][]{section.3.8}{\376\377\0003\000.\0008\000\040\131\015\116\140\230\230}{chapter.3}% 60
\BOOKMARK [0][]{chapter.4}{\376\377\173\054\126\333\172\340\000\040\000\040\133\244\121\205\163\257\130\203\116\016\120\145\136\267}{}% 61
\BOOKMARK [1][]{section.4.1}{\376\377\0004\000.\0001\000\040\117\117\133\205\123\153\165\037}{chapter.4}% 62
\BOOKMARK [2][]{subsection.4.1.1}{\376\377\0004\000.\0001\000.\0001\000\040\117\117\133\205\166\204\123\153\165\037\133\146\141\017\116\111}{section.4.1}% 63
\BOOKMARK [2][]{subsection.4.1.2}{\376\377\0004\000.\0001\000.\0002\000\040\117\117\133\205\166\204\127\372\147\054\123\153\165\037\211\201\154\102}{section.4.1}% 64
\BOOKMARK [2][]{subsection.4.1.3}{\376\377\0004\000.\0001\000.\0003\000\040\134\105\133\244\123\153\165\037\211\304\152\041}{section.4.1}% 65
\BOOKMARK [2][]{subsection.4.1.4}{\376\377\0004\000.\0001\000.\0004\000\040\117\117\133\205\147\035\124\021\116\016\225\364\215\335}{section.4.1}% 66
\BOOKMARK [2][]{subsection.4.1.5}{\376\377\0004\000.\0001\000.\0005\000\040\226\224\130\360}{section.4.1}% 67
\BOOKMARK [2][]{subsection.4.1.6}{\376\377\0004\000.\0001\000.\0006\000\040\117\117\133\205\123\321\134\125\145\260\145\271\124\021}{section.4.1}% 68
\BOOKMARK [2][]{subsection.4.1.7}{\376\377\0004\000.\0001\000.\0007\000\040\133\244\121\205\134\017\154\024\120\031}{section.4.1}% 69
\BOOKMARK [1][]{section.4.2}{\376\377\0004\000.\0002\000\040\133\244\121\205\172\172\154\024\154\141\147\323}{chapter.4}% 70
\BOOKMARK [2][]{subsection.4.2.1}{\376\377\0004\000.\0002\000.\0001\000\040\133\244\121\205\172\172\154\024\154\141\147\323\166\204\147\145\156\220}{section.4.2}% 71
\BOOKMARK [2][]{subsection.4.2.2}{\376\377\0004\000.\0002\000.\0002\000\040\133\244\121\205\172\172\154\024\154\141\147\323\166\204\162\171\160\271}{section.4.2}% 72
\BOOKMARK [2][]{subsection.4.2.3}{\376\377\0004\000.\0002\000.\0003\000\040\134\105\133\244\172\172\154\024\156\005\155\001\136\246\166\204\213\304\116\367\143\007\150\007}{section.4.2}% 73
\BOOKMARK [2][]{subsection.4.2.4}{\376\377\0004\000.\0002\000.\0004\000\040\117\335\143\001\134\105\133\244\172\172\154\024\156\005\155\001\136\246\166\204\123\153\165\037\143\252\145\275}{section.4.2}% 74
\BOOKMARK [1][]{section.4.3}{\376\377\0004\000.\0003\000\040\165\305\140\001\136\372\173\121\162\151\176\374\124\010\137\201}{chapter.4}% 75
\BOOKMARK [1][]{section.4.4}{\376\377\0004\000.\0004\000\040\122\236\121\154\127\072\142\100\123\153\165\037}{chapter.4}% 76
\BOOKMARK [1][]{section.4.5}{\376\377\0004\000.\0005\000\040\131\015\116\140\230\230}{chapter.4}% 77
\BOOKMARK [0][]{chapter.5}{\376\377\173\054\116\224\172\340\000\040\000\040\154\064\117\123\123\153\165\037\000\040\060\020\221\315\160\271\172\340\202\202\060\021}{}% 78
\BOOKMARK [1][]{section.5.1}{\376\377\0005\000.\0001\000\040\154\064\215\104\156\220\166\204\171\315\174\173\123\312\123\153\165\037\133\146\162\171\137\201}{chapter.5}% 79
\BOOKMARK [1][]{section.5.2}{\376\377\0005\000.\0002\000\040\154\064\215\050\166\204\140\047\162\266\124\214\213\304\116\367\143\007\150\007}{chapter.5}% 80
\BOOKMARK [2][]{subsection.5.2.1}{\376\377\0005\000.\0002\000.\0001\000\040\162\151\164\006\140\047\162\266\143\007\150\007}{section.5.2}% 81
\BOOKMARK [2][]{subsection.5.2.2}{\376\377\0005\000.\0002\000.\0002\000\040\123\026\133\146\140\047\162\266\143\007\150\007}{section.5.2}% 82
\BOOKMARK [2][]{subsection.5.2.3}{\376\377\0005\000.\0002\000.\0003\000\040\137\256\165\037\162\151\133\146\140\047\162\266\143\007\150\007}{section.5.2}% 83
\BOOKMARK [1][]{section.5.3}{\376\377\0005\000.\0003\000\040\154\064\117\123\166\204\154\141\147\323\147\145\156\220\123\312\162\171\137\201}{chapter.5}% 84
\BOOKMARK [2][]{subsection.5.3.1}{\376\377\0005\000.\0003\000.\0001\000\040\154\141\147\323\147\145\156\220}{section.5.3}% 85
\BOOKMARK [2][]{subsection.5.3.2}{\376\377\0005\000.\0003\000.\0002\000\040\124\004\171\315\154\064\117\123\166\204\154\141\147\323\162\171\160\271}{section.5.3}% 86
\BOOKMARK [1][]{section.5.4}{\376\377\0005\000.\0004\000\040\154\064\117\123\154\141\147\323\201\352\121\300\124\214\154\141\147\323\162\151\166\204\217\154\137\122}{chapter.5}% 87
\BOOKMARK [2][]{subsection.5.4.1}{\376\377\0005\000.\0004\000.\0001\000\040\154\064\117\123\201\352\121\300}{section.5.4}% 88
\BOOKMARK [2][]{subsection.5.4.2}{\376\377\0005\000.\0004\000.\0002\000\040\154\064\117\123\201\352\121\300\166\204\147\072\122\066}{section.5.4}% 89
\BOOKMARK [2][]{subsection.5.4.3}{\376\377\0005\000.\0004\000.\0003\000\040\154\047\127\202\146\362\176\277}{section.5.4}% 90
\BOOKMARK [2][]{subsection.5.4.4}{\376\377\0005\000.\0004\000.\0004\000\040\154\064\117\123\154\141\147\323\162\151\166\204\217\154\137\122}{section.5.4}% 91
\BOOKMARK [1][]{section.5.5}{\376\377\0005\000.\0005\000\040\154\064\117\123\154\141\147\323\166\204\123\161\133\263}{chapter.5}% 92
\BOOKMARK [2][]{subsection.5.5.1}{\376\377\0005\000.\0005\000.\0001\000\040\165\037\162\151\140\047\154\141\147\323\166\204\123\161\133\263}{section.5.5}% 93
\BOOKMARK [2][]{subsection.5.5.2}{\376\377\0005\000.\0005\000.\0002\000\040\123\026\133\146\140\047\154\141\147\323\166\204\123\161\133\263}{section.5.5}% 94
\BOOKMARK [2][]{subsection.5.5.3}{\376\377\0005\000.\0005\000.\0003\000\040\162\151\164\006\140\047\154\141\147\323\166\204\123\161\133\263}{section.5.5}% 95
\BOOKMARK [1][]{section.5.6}{\376\377\0005\000.\0006\000\040\154\064\163\257\130\203\150\007\121\306}{chapter.5}% 96
\BOOKMARK [2][]{subsection.5.6.1}{\376\377\0005\000.\0006\000.\0001\000\040\127\060\210\150\154\064\163\257\130\203\215\050\221\317\150\007\121\306}{section.5.6}% 97
\BOOKMARK [2][]{subsection.5.6.2}{\376\377\0005\000.\0006\000.\0002\000\040\136\237\154\064\131\004\164\006\122\006\176\247}{section.5.6}% 98
\BOOKMARK [1][]{section.5.7}{\376\377\0005\000.\0007\000\040\154\064\117\123\154\141\147\323\166\204\230\204\226\062\133\371\173\126}{chapter.5}% 99
\BOOKMARK [1][]{section.5.8}{\376\377\0005\000.\0008\000\040\154\064\117\123\154\141\147\323\166\321\155\113\211\201\160\271}{chapter.5}% 100
\BOOKMARK [2][]{subsection.5.8.1}{\376\377\0005\000.\0008\000.\0001\000\040\154\137\154\263\154\064\174\373\166\321\155\113}{section.5.8}% 101
\BOOKMARK [2][]{subsection.5.8.2}{\376\377\0005\000.\0008\000.\0002\000\040\136\225\215\050\116\016\165\037\162\151\166\321\155\113}{section.5.8}% 102
\BOOKMARK [2][]{subsection.5.8.3}{\376\377\0005\000.\0008\000.\0003\000\040\121\166\116\326\154\064\117\123\166\321\155\113}{section.5.8}% 103
\BOOKMARK [2][]{subsection.5.8.4}{\376\377\0005\000.\0008\000.\0004\000\040\154\064\117\123\154\141\147\323\214\003\147\345\174\173\127\213}{section.5.8}% 104
\BOOKMARK [1][]{section.5.9}{\376\377\0005\000.\0009\000\040\131\015\116\140\230\230}{chapter.5}% 105
\BOOKMARK [0][]{chapter.6}{\376\377\173\054\121\155\172\340\000\040\000\040\231\156\165\050\154\064\123\153\165\037}{}% 106
\BOOKMARK [1][]{section.6.1}{\376\377\0006\000.\0001\000\040\231\156\165\050\154\064\154\141\147\323\116\016\165\276\165\305}{chapter.6}% 107
\BOOKMARK [2][]{subsection.6.1.1}{\376\377\0006\000.\0001\000.\0001\000\040\116\313\154\064\117\040\147\323\165\305}{section.6.1}% 108
\BOOKMARK [2][]{subsection.6.1.2}{\376\377\0006\000.\0001\000.\0002\000\040\123\026\133\146\140\047\154\141\147\323\116\016\120\145\136\267}{section.6.1}% 109
\BOOKMARK [2][]{subsection.6.1.3}{\376\377\0006\000.\0001\000.\0003\000\040\116\214\153\041\117\233\154\064\154\141\147\323}{section.6.1}% 110
\BOOKMARK [1][]{section.6.2}{\376\377\0006\000.\0002\000\040\165\037\155\073\231\156\165\050\154\064\154\064\215\050\150\007\121\306}{chapter.6}% 111
\BOOKMARK [1][]{section.6.3}{\376\377\0006\000.\0003\000\040\226\306\116\055\137\017\176\331\154\064}{chapter.6}% 112
\BOOKMARK [2][]{subsection.6.3.1}{\376\377\0006\000.\0003\000.\0001\000\040\154\064\156\220\220\011\142\351\123\237\122\031}{section.6.3}% 113
\BOOKMARK [2][]{subsection.6.3.2}{\376\377\0006\000.\0003\000.\0002\000\040\154\064\215\050\121\300\123\026\116\016\155\210\153\322}{section.6.3}% 114
\BOOKMARK [2][]{subsection.6.3.3}{\376\377\0006\000.\0003\000.\0003\000\040\155\210\153\322\145\271\154\325\153\324\217\203}{section.6.3}% 115
\BOOKMARK [2][]{subsection.6.3.4}{\376\377\0006\000.\0003\000.\0004\000\040\154\057\123\026\155\210\153\322\122\157\116\247\162\151\166\204\230\204\226\062}{section.6.3}% 116
\BOOKMARK [2][]{subsection.6.3.5}{\376\377\0006\000.\0003\000.\0005\000\040\231\156\165\050\154\064\166\204\155\361\136\246\121\300\123\026}{section.6.3}% 117
\BOOKMARK [1][]{section.6.4}{\376\377\0006\000.\0004\000\040\122\006\145\143\137\017\176\331\154\064}{chapter.6}% 118
\BOOKMARK [2][]{subsection.6.4.1}{\376\377\0006\000.\0004\000.\0001\000\040\123\005\210\305\231\156\165\050\154\064}{section.6.4}% 119
\BOOKMARK [2][]{subsection.6.4.2}{\376\377\0006\000.\0004\000.\0002\000\040\166\364\231\156\154\064\377\010\000D\000i\000r\000e\000c\000t\000\040\000D\000r\000i\000n\000k\000i\000n\000g\000\040\000W\000a\000t\000e\000r\377\011}{section.6.4}% 120
\BOOKMARK [2][]{subsection.6.4.3}{\376\377\0006\000.\0004\000.\0003\000\040\155\211\154\064\116\247\124\301}{section.6.4}% 121
\BOOKMARK [2][]{subsection.6.4.4}{\376\377\0006\000.\0004\000.\0004\000\040\117\040\176\337\122\006\145\143\137\017\176\331\154\064}{section.6.4}% 122
\BOOKMARK [1][]{section.6.5}{\376\377\0006\000.\0005\000\040\231\156\165\050\154\064\154\141\147\323\166\204\136\224\140\045\131\004\164\006}{chapter.6}% 123
\BOOKMARK [1][]{section.6.6}{\376\377\0006\000.\0006\000\040\131\015\116\140\230\230}{chapter.6}% 124
\BOOKMARK [0][]{chapter.7}{\376\377\173\054\116\003\172\340\000\040\000\040\127\037\130\344\123\153\165\037\000\040\060\020\221\315\160\271\172\340\202\202\060\021}{}% 125
\BOOKMARK [1][]{section.7.1}{\376\377\0007\000.\0001\000\040\127\037\130\344\163\257\130\203\162\171\137\201}{chapter.7}% 126
\BOOKMARK [2][]{subsection.7.1.1}{\376\377\0007\000.\0001\000.\0001\000\040\127\037\130\344\166\204\176\304\142\020}{section.7.1}% 127
\BOOKMARK [2][]{subsection.7.1.2}{\376\377\0007\000.\0001\000.\0002\000\040\127\037\130\344\162\151\164\006\133\146\162\171\137\201}{section.7.1}% 128
\BOOKMARK [1][]{section.7.2}{\376\377\0007\000.\0002\000\040\127\037\130\344\166\204\154\141\147\323\060\001\201\352\121\300\123\312\217\154\137\122}{chapter.7}% 129
\BOOKMARK [2][]{subsection.7.2.1}{\376\377\0007\000.\0002\000.\0001\000\040\127\037\130\344\154\141\147\323\166\204\127\372\147\054\162\171\160\271}{section.7.2}% 130
\BOOKMARK [2][]{subsection.7.2.2}{\376\377\0007\000.\0002\000.\0002\000\040\154\141\147\323\145\271\137\017}{section.7.2}% 131
\BOOKMARK [2][]{subsection.7.2.3}{\376\377\0007\000.\0002\000.\0003\000\040\127\037\130\344\201\352\121\300}{section.7.2}% 132
\BOOKMARK [2][]{subsection.7.2.4}{\376\377\0007\000.\0002\000.\0004\000\040\221\315\221\321\134\136\127\050\127\037\130\344\116\055\166\204\217\154\123\026}{section.7.2}% 133
\BOOKMARK [1][]{section.7.3}{\376\377\0007\000.\0003\000\040\127\037\130\344\154\141\147\323\116\016\120\145\136\267}{chapter.7}% 134
\BOOKMARK [2][]{subsection.7.3.1}{\376\377\0007\000.\0003\000.\0001\000\040\221\315\221\321\134\136\154\141\147\323}{section.7.3}% 135
\BOOKMARK [2][]{subsection.7.3.2}{\376\377\0007\000.\0003\000.\0002\000\040\121\234\203\157\154\141\147\323\116\016\000P\000O\000P\000s}{section.7.3}% 136
\BOOKMARK [2][]{subsection.7.3.3}{\376\377\0007\000.\0003\000.\0003\000\040\165\037\162\151\140\047\154\141\147\323\166\204\123\161\133\263}{section.7.3}% 137
\BOOKMARK [1][]{section.7.4}{\376\377\0007\000.\0004\000\040\127\037\130\344\154\141\147\323\166\204\230\204\226\062\133\371\173\126}{chapter.7}% 138
\BOOKMARK [1][]{section.7.5}{\376\377\0007\000.\0005\000\040\131\015\116\140\230\230}{chapter.7}% 139
\BOOKMARK [0][]{chapter.8}{\376\377\173\054\121\153\172\340\000\040\000\040\163\257\130\203\166\370\121\163\165\276\165\305}{}% 140
\BOOKMARK [1][]{section.8.1}{\376\377\0008\000.\0001\000\040\151\202\217\360}{chapter.8}% 141
\BOOKMARK [1][]{section.8.2}{\376\377\0008\000.\0002\000\040\170\230\116\016\120\145\136\267\040\024\040\024\170\230\177\072\116\117\165\305}{chapter.8}% 142
\BOOKMARK [2][]{subsection.8.2.1}{\376\377\0008\000.\0002\000.\0001\000\040\155\101\210\114\162\171\137\201}{section.8.2}% 143
\BOOKMARK [2][]{subsection.8.2.2}{\376\377\0008\000.\0002\000.\0002\000\040\123\321\165\305\147\072\122\066}{section.8.2}% 144
\BOOKMARK [2][]{subsection.8.2.3}{\376\377\0008\000.\0002\000.\0003\000\040\230\204\226\062\143\252\145\275}{section.8.2}% 145
\BOOKMARK [1][]{section.8.3}{\376\377\0008\000.\0003\000\040\154\037\116\016\120\145\136\267\040\024\040\024\127\060\145\271\140\047\154\037\116\055\153\322}{chapter.8}% 146
\BOOKMARK [2][]{subsection.8.3.1}{\376\377\0008\000.\0003\000.\0001\000\040\123\321\165\305\147\072\122\066\213\346\211\343}{section.8.3}% 147
\BOOKMARK [2][]{subsection.8.3.2}{\376\377\0008\000.\0003\000.\0002\000\040\154\037\166\204\123\314\221\315\120\145\136\267\145\110\136\224}{section.8.3}% 148
\BOOKMARK [2][]{subsection.8.3.3}{\376\377\0008\000.\0003\000.\0003\000\040\165\305\123\072\174\173\127\213\116\016\230\204\226\062}{section.8.3}% 149
\BOOKMARK [2][]{subsection.8.3.4}{\376\377\0008\000.\0003\000.\0004\000\040\116\272\177\244\122\006\136\003}{section.8.3}% 150
\BOOKMARK [1][]{section.8.4}{\376\377\0008\000.\0004\000\040\170\067\116\016\120\145\136\267\040\024\040\024\127\060\145\271\140\047\170\067\116\055\153\322}{chapter.8}% 151
\BOOKMARK [1][]{section.8.5}{\376\377\0008\000.\0005\000\040\170\122\116\016\120\145\136\267}{chapter.8}% 152
\BOOKMARK [2][]{subsection.8.5.1}{\376\377\0008\000.\0005\000.\0001\000\040\121\113\134\161\165\305}{section.8.5}% 153
\BOOKMARK [2][]{subsection.8.5.2}{\376\377\0008\000.\0005\000.\0002\000\040\131\047\232\250\202\202\165\305}{section.8.5}% 154
\BOOKMARK [1][]{section.8.6}{\376\377\0008\000.\0006\000\040\163\257\130\203\154\141\147\323\140\047\165\276\165\305}{chapter.8}% 155
\BOOKMARK [2][]{subsection.8.6.1}{\376\377\0008\000.\0006\000.\0001\000\040\141\142\140\047\165\062\127\372\154\136\116\055\153\322\377\010\154\064\117\343\165\305\377\011}{section.8.6}% 156
\BOOKMARK [2][]{subsection.8.6.2}{\376\377\0008\000.\0006\000.\0002\000\040\133\243\132\001\200\272\166\114\116\016\121\233\126\342\203\314\165\305}{section.8.6}% 157
\BOOKMARK [2][]{subsection.8.6.3}{\376\377\0008\000.\0006\000.\0003\000\040\121\233\126\342\165\305}{section.8.6}% 158
\BOOKMARK [1][]{section.8.7}{\376\377\0008\000.\0007\000\040\131\015\116\140\230\230}{chapter.8}% 159
\BOOKMARK [0][]{chapter.9}{\376\377\173\054\116\135\172\340\000\040\000\040\133\266\165\050\123\026\133\146\124\301\123\153\165\037}{}% 160
\BOOKMARK [1][]{section.9.1}{\376\377\0009\000.\0001\000\040\123\026\131\206\124\301\151\202\217\360}{chapter.9}% 161
\BOOKMARK [2][]{subsection.9.1.1}{\376\377\0009\000.\0001\000.\0001\000\040\123\026\131\206\124\301\122\006\174\173}{section.9.1}% 162
\BOOKMARK [1][]{section.9.2}{\376\377\0009\000.\0002\000\040\123\026\131\206\124\301\133\371\120\145\136\267\166\204\116\015\202\157\137\161\124\315}{chapter.9}% 163
\BOOKMARK [2][]{subsection.9.2.1}{\376\377\0009\000.\0002\000.\0001\000\040\123\026\131\206\124\301\133\371\166\256\200\244\166\204\116\015\202\157\137\161\124\315}{section.9.2}% 164
\BOOKMARK [2][]{subsection.9.2.2}{\376\377\0009\000.\0002\000.\0002\000\040\123\026\131\206\124\301\137\256\165\037\162\151\154\141\147\323\123\161\133\263}{section.9.2}% 165
\BOOKMARK [2][]{subsection.9.2.3}{\376\377\0009\000.\0002\000.\0003\000\040\123\026\131\206\124\301\142\100\124\053\123\026\133\146\162\151\215\050\166\204\153\322\140\047\117\134\165\050}{section.9.2}% 166
\BOOKMARK [1][]{section.9.3}{\376\377\0009\000.\0003\000\040\131\015\116\140\230\230}{chapter.9}% 167
\BOOKMARK [0][]{chapter.10}{\376\377\173\054\123\101\172\340\000\040\000\040\121\154\121\161\127\072\142\100\123\153\165\037}{}% 168
\BOOKMARK [1][]{section.10.1}{\376\377\0001\0000\000.\0001\000\040\121\154\121\161\127\072\142\100\151\202\217\360}{chapter.10}% 169
\BOOKMARK [2][]{subsection.10.1.1}{\376\377\0001\0000\000.\0001\000.\0001\000\040\123\153\165\037\133\146\162\171\160\271}{section.10.1}% 170
\BOOKMARK [2][]{subsection.10.1.2}{\376\377\0001\0000\000.\0001\000.\0002\000\040\121\154\121\161\127\072\142\100\166\204\122\006\174\173}{section.10.1}% 171
\BOOKMARK [1][]{section.10.2}{\376\377\0001\0000\000.\0002\000\040\121\154\121\161\127\072\142\100\166\204\123\153\165\037\211\201\154\102\116\016\166\321\167\143}{chapter.10}% 172
\BOOKMARK [1][]{section.10.3}{\376\377\0001\0000\000.\0003\000\040\131\015\116\140\230\230}{chapter.10}% 173
\BOOKMARK [0][]{chapter.11}{\376\377\173\054\123\101\116\000\172\340\000\040\000\040\163\257\130\203\215\050\221\317\213\304\116\367}{}% 174
\BOOKMARK [1][]{section.11.1}{\376\377\0001\0001\000.\0001\000\040\151\202\217\360}{chapter.11}% 175
\BOOKMARK [1][]{section.11.2}{\376\377\0001\0001\000.\0002\000\040\163\257\130\203\215\050\221\317\213\304\116\367\145\271\154\325}{chapter.11}% 176
\BOOKMARK [2][]{subsection.11.2.1}{\376\377\0001\0001\000.\0002\000.\0001\000\040\163\257\130\203\215\050\221\317\143\007\145\160\154\325}{section.11.2}% 177
\BOOKMARK [2][]{subsection.11.2.2}{\376\377\0001\0001\000.\0002\000.\0002\000\040\131\047\154\024\215\050\221\317\213\304\116\367\143\007\145\160}{section.11.2}% 178
\BOOKMARK [2][]{subsection.11.2.3}{\376\377\0001\0001\000.\0002\000.\0003\000\040\154\064\215\050\213\304\116\367\143\007\145\160}{section.11.2}% 179
\BOOKMARK [2][]{subsection.11.2.4}{\376\377\0001\0001\000.\0002\000.\0004\000\040\127\037\130\344\163\257\130\203\215\050\221\317\213\304\116\367}{section.11.2}% 180
\BOOKMARK [1][]{section.11.3}{\376\377\0001\0001\000.\0003\000\040\154\141\147\323\156\220\213\304\116\367}{chapter.11}% 181
\BOOKMARK [1][]{section.11.4}{\376\377\0001\0001\000.\0004\000\040\163\257\130\203\137\161\124\315\213\304\116\367}{chapter.11}% 182
\BOOKMARK [1][]{section.11.5}{\376\377\0001\0001\000.\0005\000\040\121\166\116\326\163\257\130\203\211\201\175\040\215\050\221\317\213\304\116\367}{chapter.11}% 183
\BOOKMARK [2][]{subsection.11.5.1}{\376\377\0001\0001\000.\0005\000.\0001\000\040\133\244\121\205\163\257\130\203\215\050\221\317\213\304\116\367}{section.11.5}% 184
\BOOKMARK [2][]{subsection.11.5.2}{\376\377\0001\0001\000.\0005\000.\0002\000\040\127\037\130\344\163\257\130\203\215\050\221\317\213\304\116\367}{section.11.5}% 185
\BOOKMARK [2][]{subsection.11.5.3}{\376\377\0001\0001\000.\0005\000.\0003\000\040\165\037\140\001\163\257\130\203\215\050\221\317\213\304\116\367}{section.11.5}% 186
\BOOKMARK [1][]{section.11.6}{\376\377\0001\0001\000.\0006\000\040\131\015\116\140\230\230}{chapter.11}% 187
\BOOKMARK [0][]{chapter*.3}{\376\377\226\104\137\125\116\000\377\032\150\070\137\303\124\015\213\315\211\343\221\312\220\037\213\260\210\150}{}% 188
